// Jest Snapshot v1, https://goo.gl/fbAQLP

exports[`should correctly render summary for 1 expense 1`] = `
<div>
  <p>
    Viewing 
    1
     expenses totalling 
    $94.34
     
  </p>
</div>
`;

exports[`should correctly render summary for 2 expenses 1`] = `
<div>
  <p>
    Viewing 
    2
     expenses totalling 
    $94.34
     
  </p>
</div>
`;
